<?xml version="1.0" encoding="UTF-8"?>
<testsuites name="jest tests" tests="3" failures="0" time="3.592">
  <testsuite name="HttpServiceClient" errors="0" failures="0" skipped="0" timestamp="2020-09-01T20:06:02" time="3.192" tests="2">
    <testcase classname="HttpServiceClient testservice client snapshot" name="HttpServiceClient testservice client snapshot" time="0.005">
    </testcase>
    <testcase classname="HttpServiceClient testservice custom classes snapshot" name="HttpServiceClient testservice custom classes snapshot" time="0.001">
    </testcase>
  </testsuite>
  <testsuite name="SplitModels" errors="0" failures="0" skipped="0" timestamp="2020-09-01T20:06:02" time="3.2" tests="1">
    <testcase classname="SplitModels generated file snapshots" name="SplitModels generated file snapshots" time="0.004">
    </testcase>
  </testsuite>
</testsuites>